[www.Shabundagoldminers.com/index.html]
[www.Shabundagoldminers.com/assets/css/style.css]
[cdn.jsdelivr.net/npm/bootstrap@5.3.0/dist/css/bootstrap.min.css]
[backblue.gif]
[fade.gif]
[index.html]
[cdnjs.cloudflare.com/ajax/libs/font-awesome/6.0.0/css/all.min.css]
[Shabundagoldminers.com/assets/images/og-image.3.delayed]
[www.Shabundagoldminers.com/apple-touch-icon.png]
[www.Shabundagoldminers.com/favicon-32x32.png]
[www.Shabundagoldminers.com/favicon-16x16.png]
[www.Shabundagoldminers.com/site.webmanifest]
[pagead2.googlesyndication.com/pagead/js/fa87a.txt]
[www.Shabundagoldminers.com/assets/images/logo.png]
[www.Shabundagoldminers.com/partnership.html]
[www.Shabundagoldminers.com/assets/images/slide1.jpg]
[www.Shabundagoldminers.com/assets/images/slide3.jpg]
[www.Shabundagoldminers.com/assets/images/slide6.jpg]
[www.Shabundagoldminers.com/assets/images/slide7.jpg]
[www.Shabundagoldminers.com/assets/images/slide8.jpg]
[www.Shabundagoldminers.com/assets/videos/posters/video2.png]
[www.Shabundagoldminers.com/assets/videos/about.qt]
[www.Shabundagoldminers.com/assets/videos/about.webm]
[www.Shabundagoldminers.com/assets/videos/posters/video1.jpg]
[cdn.jsdelivr.net/npm/bootstrap@5.3.0/dist/js/bootstrap.bundle.min.js]
[www.Shabundagoldminers.com/assets/videos/video1.qt]
[www.Shabundagoldminers.com/assets/videos/responsible-mining.17.delayed]
[www.Shabundagoldminers.com/assets/videos/posters/video2.jpg]
[www.Shabundagoldminers.com/assets/videos/video2.qt]
[www.Shabundagoldminers.com/assets/videos/environmental-protection.webm]
[www.Shabundagoldminers.com/assets/videos/posters/video4.jpg]
[www.Shabundagoldminers.com/assets/videos/video4.qt]
[www.Shabundagoldminers.com/assets/videos/fair-trade.1d.delayed]
[www.Shabundagoldminers.com/assets/videos/posters/escavator.jpg]
[www.Shabundagoldminers.com/assets/videos/video5.qt]
[www.Shabundagoldminers.com/assets/videos/healthcare-support.20.delayed]
[www.Shabundagoldminers.com/assets/videos/posters/video7.jpg]
[www.Shabundagoldminers.com/assets/videos/video7.mp4]
[www.Shabundagoldminers.com/assets/videos/sustainable-development.webm]
[www.Shabundagoldminers.com/assets/videos/posters/golddore.jpg]
[www.Shabundagoldminers.com/assets/videos/golddore.mp4]
[www.Shabundagoldminers.com/assets/videos/posters/smelting.png]
[www.Shabundagoldminers.com/assets/videos/smelting.mp4]
[www.Shabundagoldminers.com/assets/videos/posters/wash.png]
[www.Shabundagoldminers.com/assets/videos/wash.mp4]
[www.Shabundagoldminers.com/assets/videos/posters/workers.jpg]
[www.Shabundagoldminers.com/assets/videos/workers.mp4]
[www.Shabundagoldminers.com/assets/videos/posters/washprocess.png]
[www.Shabundagoldminers.com/assets/videos/washprocess.mp4]
[www.Shabundagoldminers.com/assets/videos/posters/transfering.jpg]
[www.Shabundagoldminers.com/assets/videos/transfering.mp4]
[www.Shabundagoldminers.com/assets/videos/posters/pit.jpg]
[www.Shabundagoldminers.com/assets/videos/pit.mp4]
[www.Shabundagoldminers.com/assets/videos/posters/gold3.jpg]
[www.Shabundagoldminers.com/assets/videos/strongroom.mp4]
[www.Shabundagoldminers.com/assets/videos/posters/testing.png]
[www.Shabundagoldminers.com/assets/videos/testing.mp4]
[www.Shabundagoldminers.com/assets/images/slide2.jpg]
[www.Shabundagoldminers.com/assets/images/slide4.jpg]
[www.Shabundagoldminers.com/assets/images/slide5.jpg]
[www.Shabundagoldminers.com/assets/images/slide11.jpg]
[www.Shabundagoldminers.com/assets/js/script.js]
[www.Shabundagoldminers.com/assets/images/chair.jpg]
[www.Shabundagoldminers.com/assets/images/legalad.jpg]
[www.Shabundagoldminers.com/assets/images/patrick.jpg]
[www.Shabundagoldminers.com/assets/images/mwamba.jpg]
[www.Shabundagoldminers.com/assets/images/chantal.png]
[www.Shabundagoldminers.com/assets/images/juliene.jfif]
[www.Shabundagoldminers.com/assets/images/andre.jpg]
[www.Shabundagoldminers.com/assets/images/david.jfif]
[cdnjs.cloudflare.com/ajax/libs/font-awesome/6.4.0/css/all.min.css]
[www.Shabundagoldminers.com/ajax-track-whatsapp.json]
[www.Shabundagoldminers.com/ajax-track-visitor.json]
[www.Shabundagoldminers.com/index.html]
[cdn.jsdelivr.net/npm/bootstrap@5.3.0/dist/css/bootstrap.min.css]
[www.Shabundagoldminers.com/assets/images/impact-bg.jpg]
[www.Shabundagoldminers.com/assets/images/slide1-2.JPG]
[www.Shabundagoldminers.com/assets/css/style.css]
[cdnjs.cloudflare.com/ajax/libs/font-awesome/6.0.0/css/all.min.css]
[Shabundagoldminers.com/assets/images/og-image.html]
[www.Shabundagoldminers.com/apple-touch-icon.html]
[www.Shabundagoldminers.com/favicon-32x32.html]
[www.Shabundagoldminers.com/favicon-16x16.html]
[www.Shabundagoldminers.com/site.html]
[www.Shabundagoldminers.com/favicon.png]
[www.Shabundagoldminers.com/partnership.html]
[www.Shabundagoldminers.com/assets/videos/about.html]
[www.Shabundagoldminers.com/assets/videos/responsible-mining.html]
[www.Shabundagoldminers.com/assets/videos/environmental-protection.html]
[www.Shabundagoldminers.com/assets/videos/fair-trade.html]
[www.Shabundagoldminers.com/assets/videos/healthcare-support.html]
[www.Shabundagoldminers.com/assets/videos/sustainable-development.html]
[cdnjs.cloudflare.com/ajax/libs/font-awesome/6.4.0/css/all.min.css]
[www.Shabundagoldminers.com/assets/images/impact-bg.html]
[www.Shabundagoldminers.com/assets/images/slide1.html]
[www.Shabundagoldminers.com/index-2.html]
[www.Shabundagoldminers.com/index-2.html]
[www.Shabundagoldminers.com/leadership.php]
[www.Shabundagoldminers.com/assets/images/pattern.png]
[www.Shabundagoldminers.com/assets/images/legal.jpg]
[www.Shabundagoldminers.com/assets/images/underground.jpg]
[www.Shabundagoldminers.com/leadership.php]
[www.Shabundagoldminers.com/assets/images/pattern.html]
[www.Shabundagoldminers.com/assets/images/legal.html]
